
==========================================================================
cts final report_tns
--------------------------------------------------------------------------
tns max 0.00

==========================================================================
cts final report_wns
--------------------------------------------------------------------------
wns max 0.00

==========================================================================
cts final report_worst_slack
--------------------------------------------------------------------------
worst slack max 2.46

==========================================================================
cts final report_clock_min_period
--------------------------------------------------------------------------
clk period_min = 7.54 fmax = 132.55

==========================================================================
cts final report_clock_skew
--------------------------------------------------------------------------
Clock clk
   0.28 source latency accumulator[2]$_DFFE_PN0P_/CLK ^
  -0.29 target latency accumulator[30]$_DFFE_PN0P_/CLK ^
   0.00 CRPR
--------------
  -0.01 setup skew


==========================================================================
cts final report_checks -path_delay min
--------------------------------------------------------------------------
Startpoint: accumulator[20]$_DFFE_PN0P_
            (rising edge-triggered flip-flop clocked by clk)
Endpoint: accumulator[20]$_DFFE_PN0P_
          (rising edge-triggered flip-flop clocked by clk)
Path Group: clk
Path Type: min

Fanout     Cap    Slew   Delay    Time   Description
-----------------------------------------------------------------------------
                          0.00    0.00   clock clk (rise edge)
                          0.00    0.00   clock source latency
     1    0.03    0.00    0.00    0.00 ^ clk (in)
                                         clk (net)
                  0.00    0.00    0.00 ^ clkbuf_0_clk/A (sky130_fd_sc_hd__clkbuf_16)
     4    0.05    0.07    0.14    0.14 ^ clkbuf_0_clk/X (sky130_fd_sc_hd__clkbuf_16)
                                         clknet_0_clk (net)
                  0.07    0.00    0.14 ^ clkbuf_2_0__f_clk/A (sky130_fd_sc_hd__clkbuf_16)
    11    0.04    0.06    0.15    0.29 ^ clkbuf_2_0__f_clk/X (sky130_fd_sc_hd__clkbuf_16)
                                         clknet_2_0__leaf_clk (net)
                  0.06    0.00    0.29 ^ accumulator[20]$_DFFE_PN0P_/CLK (sky130_fd_sc_hd__dfrtp_1)
     3    0.01    0.12    0.38    0.67 ^ accumulator[20]$_DFFE_PN0P_/Q (sky130_fd_sc_hd__dfrtp_1)
                                         net33 (net)
                  0.12    0.00    0.67 ^ _604_/A (sky130_fd_sc_hd__xnor2_1)
     1    0.00    0.04    0.08    0.76 v _604_/Y (sky130_fd_sc_hd__xnor2_1)
                                         _110_ (net)
                  0.04    0.00    0.76 v accumulator[20]$_DFFE_PN0P_/D (sky130_fd_sc_hd__dfrtp_1)
                                  0.76   data arrival time

                          0.00    0.00   clock clk (rise edge)
                          0.00    0.00   clock source latency
     1    0.03    0.00    0.00    0.00 ^ clk (in)
                                         clk (net)
                  0.00    0.00    0.00 ^ clkbuf_0_clk/A (sky130_fd_sc_hd__clkbuf_16)
     4    0.05    0.07    0.14    0.14 ^ clkbuf_0_clk/X (sky130_fd_sc_hd__clkbuf_16)
                                         clknet_0_clk (net)
                  0.07    0.00    0.14 ^ clkbuf_2_0__f_clk/A (sky130_fd_sc_hd__clkbuf_16)
    11    0.04    0.06    0.15    0.29 ^ clkbuf_2_0__f_clk/X (sky130_fd_sc_hd__clkbuf_16)
                                         clknet_2_0__leaf_clk (net)
                  0.06    0.00    0.29 ^ accumulator[20]$_DFFE_PN0P_/CLK (sky130_fd_sc_hd__dfrtp_1)
                          0.00    0.29   clock reconvergence pessimism
                         -0.04    0.25   library hold time
                                  0.25   data required time
-----------------------------------------------------------------------------
                                  0.25   data required time
                                 -0.76   data arrival time
-----------------------------------------------------------------------------
                                  0.51   slack (MET)



==========================================================================
cts final report_checks -path_delay max
--------------------------------------------------------------------------
Startpoint: enable (input port clocked by clk)
Endpoint: accumulator[15]$_DFFE_PN0P_
          (rising edge-triggered flip-flop clocked by clk)
Path Group: clk
Path Type: max

Fanout     Cap    Slew   Delay    Time   Description
-----------------------------------------------------------------------------
                          0.00    0.00   clock clk (rise edge)
                          0.00    0.00   clock network delay (propagated)
                          2.00    2.00 ^ input external delay
     1    0.00    0.00    0.00    2.00 ^ enable (in)
                                         enable (net)
                  0.00    0.00    2.00 ^ input17/A (sky130_fd_sc_hd__clkdlybuf4s50_1)
     3    0.01    0.10    0.49    2.49 ^ input17/X (sky130_fd_sc_hd__clkdlybuf4s50_1)
                                         net17 (net)
                  0.10    0.00    2.49 ^ _442_/A (sky130_fd_sc_hd__nand2_1)
     1    0.00    0.04    0.06    2.55 v _442_/Y (sky130_fd_sc_hd__nand2_1)
                                         _132_ (net)
                  0.04    0.00    2.55 v place56/A (sky130_fd_sc_hd__buf_4)
    33    0.11    0.14    0.23    2.78 v place56/X (sky130_fd_sc_hd__buf_4)
                                         net56 (net)
                  0.14    0.01    2.79 v _443_/A (sky130_fd_sc_hd__inv_1)
    26    0.09    0.75    0.59    3.38 ^ _443_/Y (sky130_fd_sc_hd__inv_1)
                                         _133_ (net)
                  0.75    0.00    3.39 ^ place55/A (sky130_fd_sc_hd__buf_4)
    53    0.13    0.35    0.46    3.85 ^ place55/X (sky130_fd_sc_hd__buf_4)
                                         net55 (net)
                  0.35    0.00    3.86 ^ _446_/C (sky130_fd_sc_hd__and3_1)
     1    0.01    0.09    0.23    4.09 ^ _446_/X (sky130_fd_sc_hd__and3_1)
                                         _031_ (net)
                  0.09    0.00    4.09 ^ _729_/B (sky130_fd_sc_hd__fa_1)
     1    0.01    0.11    0.46    4.55 v _729_/SUM (sky130_fd_sc_hd__fa_1)
                                         _300_ (net)
                  0.11    0.00    4.55 v _703_/A (sky130_fd_sc_hd__fa_1)
     1    0.01    0.10    0.53    5.08 v _703_/SUM (sky130_fd_sc_hd__fa_1)
                                         _304_ (net)
                  0.10    0.00    5.08 v _727_/A (sky130_fd_sc_hd__fa_1)
     1    0.01    0.09    0.58    5.66 ^ _727_/SUM (sky130_fd_sc_hd__fa_1)
                                         _379_ (net)
                  0.09    0.00    5.66 ^ _739_/B (sky130_fd_sc_hd__fa_1)
     1    0.00    0.08    0.42    6.08 v _739_/SUM (sky130_fd_sc_hd__fa_1)
                                         _400_ (net)
                  0.08    0.00    6.08 v _792_/A (sky130_fd_sc_hd__ha_1)
     5    0.02    0.11    0.37    6.45 v _792_/SUM (sky130_fd_sc_hd__ha_1)
                                         _099_ (net)
                  0.11    0.00    6.45 v _557_/A1 (sky130_fd_sc_hd__a21o_1)
     3    0.01    0.06    0.21    6.65 v _557_/X (sky130_fd_sc_hd__a21o_1)
                                         _181_ (net)
                  0.06    0.00    6.65 v _560_/A2 (sky130_fd_sc_hd__a221o_1)
     5    0.03    0.16    0.47    7.12 v _560_/X (sky130_fd_sc_hd__a221o_1)
                                         _184_ (net)
                  0.16    0.00    7.12 v _584_/B1 (sky130_fd_sc_hd__a22oi_2)
     6    0.02    0.30    0.29    7.42 ^ _584_/Y (sky130_fd_sc_hd__a22oi_2)
                                         _204_ (net)
                  0.30    0.00    7.42 ^ _632_/A1 (sky130_fd_sc_hd__a21oi_1)
     1    0.00    0.09    0.11    7.53 v _632_/Y (sky130_fd_sc_hd__a21oi_1)
                                         _242_ (net)
                  0.09    0.00    7.53 v _634_/A3 (sky130_fd_sc_hd__o31ai_1)
     1    0.00    0.20    0.21    7.74 ^ _634_/Y (sky130_fd_sc_hd__o31ai_1)
                                         _115_ (net)
                  0.20    0.00    7.74 ^ accumulator[15]$_DFFE_PN0P_/D (sky130_fd_sc_hd__dfrtp_1)
                                  7.74   data arrival time

                         10.00   10.00   clock clk (rise edge)
                          0.00   10.00   clock source latency
     1    0.03    0.00    0.00   10.00 ^ clk (in)
                                         clk (net)
                  0.00    0.00   10.00 ^ clkbuf_0_clk/A (sky130_fd_sc_hd__clkbuf_16)
     4    0.05    0.07    0.14   10.14 ^ clkbuf_0_clk/X (sky130_fd_sc_hd__clkbuf_16)
                                         clknet_0_clk (net)
                  0.07    0.00   10.14 ^ clkbuf_2_1__f_clk/A (sky130_fd_sc_hd__clkbuf_16)
    10    0.04    0.06    0.15   10.29 ^ clkbuf_2_1__f_clk/X (sky130_fd_sc_hd__clkbuf_16)
                                         clknet_2_1__leaf_clk (net)
                  0.06    0.00   10.29 ^ accumulator[15]$_DFFE_PN0P_/CLK (sky130_fd_sc_hd__dfrtp_1)
                          0.00   10.29   clock reconvergence pessimism
                         -0.09   10.20   library setup time
                                 10.20   data required time
-----------------------------------------------------------------------------
                                 10.20   data required time
                                 -7.74   data arrival time
-----------------------------------------------------------------------------
                                  2.46   slack (MET)



==========================================================================
cts final report_checks -unconstrained
--------------------------------------------------------------------------
Startpoint: enable (input port clocked by clk)
Endpoint: accumulator[15]$_DFFE_PN0P_
          (rising edge-triggered flip-flop clocked by clk)
Path Group: clk
Path Type: max

Fanout     Cap    Slew   Delay    Time   Description
-----------------------------------------------------------------------------
                          0.00    0.00   clock clk (rise edge)
                          0.00    0.00   clock network delay (propagated)
                          2.00    2.00 ^ input external delay
     1    0.00    0.00    0.00    2.00 ^ enable (in)
                                         enable (net)
                  0.00    0.00    2.00 ^ input17/A (sky130_fd_sc_hd__clkdlybuf4s50_1)
     3    0.01    0.10    0.49    2.49 ^ input17/X (sky130_fd_sc_hd__clkdlybuf4s50_1)
                                         net17 (net)
                  0.10    0.00    2.49 ^ _442_/A (sky130_fd_sc_hd__nand2_1)
     1    0.00    0.04    0.06    2.55 v _442_/Y (sky130_fd_sc_hd__nand2_1)
                                         _132_ (net)
                  0.04    0.00    2.55 v place56/A (sky130_fd_sc_hd__buf_4)
    33    0.11    0.14    0.23    2.78 v place56/X (sky130_fd_sc_hd__buf_4)
                                         net56 (net)
                  0.14    0.01    2.79 v _443_/A (sky130_fd_sc_hd__inv_1)
    26    0.09    0.75    0.59    3.38 ^ _443_/Y (sky130_fd_sc_hd__inv_1)
                                         _133_ (net)
                  0.75    0.00    3.39 ^ place55/A (sky130_fd_sc_hd__buf_4)
    53    0.13    0.35    0.46    3.85 ^ place55/X (sky130_fd_sc_hd__buf_4)
                                         net55 (net)
                  0.35    0.00    3.86 ^ _446_/C (sky130_fd_sc_hd__and3_1)
     1    0.01    0.09    0.23    4.09 ^ _446_/X (sky130_fd_sc_hd__and3_1)
                                         _031_ (net)
                  0.09    0.00    4.09 ^ _729_/B (sky130_fd_sc_hd__fa_1)
     1    0.01    0.11    0.46    4.55 v _729_/SUM (sky130_fd_sc_hd__fa_1)
                                         _300_ (net)
                  0.11    0.00    4.55 v _703_/A (sky130_fd_sc_hd__fa_1)
     1    0.01    0.10    0.53    5.08 v _703_/SUM (sky130_fd_sc_hd__fa_1)
                                         _304_ (net)
                  0.10    0.00    5.08 v _727_/A (sky130_fd_sc_hd__fa_1)
     1    0.01    0.09    0.58    5.66 ^ _727_/SUM (sky130_fd_sc_hd__fa_1)
                                         _379_ (net)
                  0.09    0.00    5.66 ^ _739_/B (sky130_fd_sc_hd__fa_1)
     1    0.00    0.08    0.42    6.08 v _739_/SUM (sky130_fd_sc_hd__fa_1)
                                         _400_ (net)
                  0.08    0.00    6.08 v _792_/A (sky130_fd_sc_hd__ha_1)
     5    0.02    0.11    0.37    6.45 v _792_/SUM (sky130_fd_sc_hd__ha_1)
                                         _099_ (net)
                  0.11    0.00    6.45 v _557_/A1 (sky130_fd_sc_hd__a21o_1)
     3    0.01    0.06    0.21    6.65 v _557_/X (sky130_fd_sc_hd__a21o_1)
                                         _181_ (net)
                  0.06    0.00    6.65 v _560_/A2 (sky130_fd_sc_hd__a221o_1)
     5    0.03    0.16    0.47    7.12 v _560_/X (sky130_fd_sc_hd__a221o_1)
                                         _184_ (net)
                  0.16    0.00    7.12 v _584_/B1 (sky130_fd_sc_hd__a22oi_2)
     6    0.02    0.30    0.29    7.42 ^ _584_/Y (sky130_fd_sc_hd__a22oi_2)
                                         _204_ (net)
                  0.30    0.00    7.42 ^ _632_/A1 (sky130_fd_sc_hd__a21oi_1)
     1    0.00    0.09    0.11    7.53 v _632_/Y (sky130_fd_sc_hd__a21oi_1)
                                         _242_ (net)
                  0.09    0.00    7.53 v _634_/A3 (sky130_fd_sc_hd__o31ai_1)
     1    0.00    0.20    0.21    7.74 ^ _634_/Y (sky130_fd_sc_hd__o31ai_1)
                                         _115_ (net)
                  0.20    0.00    7.74 ^ accumulator[15]$_DFFE_PN0P_/D (sky130_fd_sc_hd__dfrtp_1)
                                  7.74   data arrival time

                         10.00   10.00   clock clk (rise edge)
                          0.00   10.00   clock source latency
     1    0.03    0.00    0.00   10.00 ^ clk (in)
                                         clk (net)
                  0.00    0.00   10.00 ^ clkbuf_0_clk/A (sky130_fd_sc_hd__clkbuf_16)
     4    0.05    0.07    0.14   10.14 ^ clkbuf_0_clk/X (sky130_fd_sc_hd__clkbuf_16)
                                         clknet_0_clk (net)
                  0.07    0.00   10.14 ^ clkbuf_2_1__f_clk/A (sky130_fd_sc_hd__clkbuf_16)
    10    0.04    0.06    0.15   10.29 ^ clkbuf_2_1__f_clk/X (sky130_fd_sc_hd__clkbuf_16)
                                         clknet_2_1__leaf_clk (net)
                  0.06    0.00   10.29 ^ accumulator[15]$_DFFE_PN0P_/CLK (sky130_fd_sc_hd__dfrtp_1)
                          0.00   10.29   clock reconvergence pessimism
                         -0.09   10.20   library setup time
                                 10.20   data required time
-----------------------------------------------------------------------------
                                 10.20   data required time
                                 -7.74   data arrival time
-----------------------------------------------------------------------------
                                  2.46   slack (MET)



==========================================================================
cts final report_check_types -max_slew -max_cap -max_fanout -violators
--------------------------------------------------------------------------

==========================================================================
cts final max_slew_check_slack
--------------------------------------------------------------------------
0.6402288675308228

==========================================================================
cts final max_slew_check_limit
--------------------------------------------------------------------------
1.5

==========================================================================
cts final max_slew_check_slack_limit
--------------------------------------------------------------------------
0.4268

==========================================================================
cts final max_fanout_check_slack
--------------------------------------------------------------------------
1.0000000150474662e+30

==========================================================================
cts final max_fanout_check_limit
--------------------------------------------------------------------------
1.0000000150474662e+30

==========================================================================
cts final max_capacitance_check_slack
--------------------------------------------------------------------------
0.0235910601913929

==========================================================================
cts final max_capacitance_check_limit
--------------------------------------------------------------------------
0.031137999147176743

==========================================================================
cts final max_capacitance_check_slack_limit
--------------------------------------------------------------------------
0.7576

==========================================================================
cts final max_slew_violation_count
--------------------------------------------------------------------------
max slew violation count 0

==========================================================================
cts final max_fanout_violation_count
--------------------------------------------------------------------------
max fanout violation count 0

==========================================================================
cts final max_cap_violation_count
--------------------------------------------------------------------------
max cap violation count 0

==========================================================================
cts final setup_violation_count
--------------------------------------------------------------------------
setup violation count 0

==========================================================================
cts final hold_violation_count
--------------------------------------------------------------------------
hold violation count 0

==========================================================================
cts final report_checks -path_delay max reg to reg
--------------------------------------------------------------------------
Startpoint: accumulator[7]$_DFFE_PN0P_
            (rising edge-triggered flip-flop clocked by clk)
Endpoint: accumulator[15]$_DFFE_PN0P_
          (rising edge-triggered flip-flop clocked by clk)
Path Group: clk
Path Type: max

  Delay    Time   Description
---------------------------------------------------------
   0.00    0.00   clock clk (rise edge)
   0.00    0.00   clock source latency
   0.00    0.00 ^ clk (in)
   0.14    0.14 ^ clkbuf_0_clk/X (sky130_fd_sc_hd__clkbuf_16)
   0.15    0.29 ^ clkbuf_2_2__f_clk/X (sky130_fd_sc_hd__clkbuf_16)
   0.00    0.29 ^ accumulator[7]$_DFFE_PN0P_/CLK (sky130_fd_sc_hd__dfrtp_1)
   0.47    0.76 v accumulator[7]$_DFFE_PN0P_/Q (sky130_fd_sc_hd__dfrtp_1)
   0.55    1.31 v _729_/SUM (sky130_fd_sc_hd__fa_1)
   0.53    1.84 v _703_/SUM (sky130_fd_sc_hd__fa_1)
   0.58    2.42 ^ _727_/SUM (sky130_fd_sc_hd__fa_1)
   0.42    2.84 v _739_/SUM (sky130_fd_sc_hd__fa_1)
   0.37    3.21 v _792_/SUM (sky130_fd_sc_hd__ha_1)
   0.21    3.42 v _557_/X (sky130_fd_sc_hd__a21o_1)
   0.47    3.88 v _560_/X (sky130_fd_sc_hd__a221o_1)
   0.30    4.18 ^ _584_/Y (sky130_fd_sc_hd__a22oi_2)
   0.11    4.29 v _632_/Y (sky130_fd_sc_hd__a21oi_1)
   0.21    4.50 ^ _634_/Y (sky130_fd_sc_hd__o31ai_1)
   0.00    4.50 ^ accumulator[15]$_DFFE_PN0P_/D (sky130_fd_sc_hd__dfrtp_1)
           4.50   data arrival time

  10.00   10.00   clock clk (rise edge)
   0.00   10.00   clock source latency
   0.00   10.00 ^ clk (in)
   0.14   10.14 ^ clkbuf_0_clk/X (sky130_fd_sc_hd__clkbuf_16)
   0.15   10.29 ^ clkbuf_2_1__f_clk/X (sky130_fd_sc_hd__clkbuf_16)
   0.00   10.29 ^ accumulator[15]$_DFFE_PN0P_/CLK (sky130_fd_sc_hd__dfrtp_1)
   0.00   10.29   clock reconvergence pessimism
  -0.09   10.20   library setup time
          10.20   data required time
---------------------------------------------------------
          10.20   data required time
          -4.50   data arrival time
---------------------------------------------------------
           5.70   slack (MET)



==========================================================================
cts final report_checks -path_delay min reg to reg
--------------------------------------------------------------------------
Startpoint: accumulator[20]$_DFFE_PN0P_
            (rising edge-triggered flip-flop clocked by clk)
Endpoint: accumulator[20]$_DFFE_PN0P_
          (rising edge-triggered flip-flop clocked by clk)
Path Group: clk
Path Type: min

  Delay    Time   Description
---------------------------------------------------------
   0.00    0.00   clock clk (rise edge)
   0.00    0.00   clock source latency
   0.00    0.00 ^ clk (in)
   0.14    0.14 ^ clkbuf_0_clk/X (sky130_fd_sc_hd__clkbuf_16)
   0.15    0.29 ^ clkbuf_2_0__f_clk/X (sky130_fd_sc_hd__clkbuf_16)
   0.00    0.29 ^ accumulator[20]$_DFFE_PN0P_/CLK (sky130_fd_sc_hd__dfrtp_1)
   0.38    0.67 ^ accumulator[20]$_DFFE_PN0P_/Q (sky130_fd_sc_hd__dfrtp_1)
   0.08    0.76 v _604_/Y (sky130_fd_sc_hd__xnor2_1)
   0.00    0.76 v accumulator[20]$_DFFE_PN0P_/D (sky130_fd_sc_hd__dfrtp_1)
           0.76   data arrival time

   0.00    0.00   clock clk (rise edge)
   0.00    0.00   clock source latency
   0.00    0.00 ^ clk (in)
   0.14    0.14 ^ clkbuf_0_clk/X (sky130_fd_sc_hd__clkbuf_16)
   0.15    0.29 ^ clkbuf_2_0__f_clk/X (sky130_fd_sc_hd__clkbuf_16)
   0.00    0.29 ^ accumulator[20]$_DFFE_PN0P_/CLK (sky130_fd_sc_hd__dfrtp_1)
   0.00    0.29   clock reconvergence pessimism
  -0.04    0.25   library hold time
           0.25   data required time
---------------------------------------------------------
           0.25   data required time
          -0.76   data arrival time
---------------------------------------------------------
           0.51   slack (MET)



==========================================================================
cts final critical path target clock latency max path
--------------------------------------------------------------------------
0.2899

==========================================================================
cts final critical path target clock latency min path
--------------------------------------------------------------------------
0.2903

==========================================================================
cts final critical path source clock latency min path
--------------------------------------------------------------------------
0.0000

==========================================================================
cts final critical path delay
--------------------------------------------------------------------------
7.7401

==========================================================================
cts final critical path slack
--------------------------------------------------------------------------
2.4560

==========================================================================
cts final slack div critical path delay
--------------------------------------------------------------------------
31.730856

==========================================================================
cts final report_power
--------------------------------------------------------------------------
Group                  Internal  Switching    Leakage      Total
                          Power      Power      Power      Power (Watts)
----------------------------------------------------------------
Sequential             1.64e-04   5.45e-05   4.28e-10   2.19e-04  24.6%
Combinational          2.27e-04   2.54e-04   1.90e-09   4.81e-04  54.1%
Clock                  1.24e-04   6.42e-05   8.31e-11   1.89e-04  21.2%
Macro                  0.00e+00   0.00e+00   0.00e+00   0.00e+00   0.0%
Pad                    0.00e+00   0.00e+00   0.00e+00   0.00e+00   0.0%
----------------------------------------------------------------
Total                  5.16e-04   3.72e-04   2.41e-09   8.88e-04 100.0%
                          58.1%      41.9%       0.0%
